// Jest Snapshot v1, https://goo.gl/fbAQLP

exports[`SearchContainer should match a snapshot 1`] = `
<Fragment>
  <SearchCard
    key="search result"
    result={
      Object {
        "name": "search result",
      }
    }
  />
</Fragment>
`;
